d:\cocosprojects\cardgame\proj.win32\debug.win32\jsonutils.obj
d:\cocosprojects\cardgame\proj.win32\debug.win32\levelconfigloader.obj
d:\cocosprojects\cardgame\proj.win32\debug.win32\gamemodel.obj
d:\cocosprojects\cardgame\proj.win32\debug.win32\undomodel.obj
d:\cocosprojects\cardgame\proj.win32\debug.win32\gameview.obj
d:\cocosprojects\cardgame\proj.win32\debug.win32\appdelegate.obj
d:\cocosprojects\cardgame\proj.win32\debug.win32\undomanager.obj
d:\cocosprojects\cardgame\proj.win32\debug.win32\cardview.obj
d:\cocosprojects\cardgame\proj.win32\debug.win32\cardmodel.obj
d:\cocosprojects\cardgame\proj.win32\debug.win32\main.obj
d:\cocosprojects\cardgame\proj.win32\debug.win32\gamecontroller.obj
d:\cocosprojects\cardgame\proj.win32\debug.win32\animationutils.obj
d:\cocosprojects\cardgame\proj.win32\debug.win32\vc143.pdb
d:\cocosprojects\cardgame\proj.win32\cardgame.cab
d:\cocosprojects\cardgame\proj.win32\debug.win32\cardgame.exe
d:\cocosprojects\cardgame\proj.win32\debug.win32\cardgame.pdb
d:\cocosprojects\cardgame\proj.win32\debug.win32\game.res
d:\cocosprojects\cardgame\proj.win32\debug.win32\cardgame.lib
d:\cocosprojects\cardgame\proj.win32\debug.win32\cardgame.exp
d:\cocosprojects\cardgame\proj.win32\debug.win32\cardgame.ilk
d:\cocosprojects\cardgame\proj.win32\debug.win32\libcocos2d.exp
d:\cocosprojects\cardgame\proj.win32\debug.win32\libspine.idb
d:\cocosprojects\cardgame\proj.win32\debug.win32\vc143.idb
d:\cocosprojects\cardgame\proj.win32\debug.win32\libcocos2d.pdb
d:\cocosprojects\cardgame\proj.win32\debug.win32\librecast.pdb
d:\cocosprojects\cardgame\proj.win32\debug.win32\libspine.pdb
d:\cocosprojects\cardgame\proj.win32\debug.win32\cardgame.tlog\cl.117184.write.1.tlog
d:\cocosprojects\cardgame\proj.win32\debug.win32\cardgame.tlog\cl.command.1.tlog
d:\cocosprojects\cardgame\proj.win32\debug.win32\cardgame.tlog\cl.items.tlog
d:\cocosprojects\cardgame\proj.win32\debug.win32\cardgame.tlog\cl.read.1.tlog
d:\cocosprojects\cardgame\proj.win32\debug.win32\cardgame.tlog\custombuildstep.read.1u.tlog
d:\cocosprojects\cardgame\proj.win32\debug.win32\cardgame.tlog\custombuildstep.write.1u.tlog
d:\cocosprojects\cardgame\proj.win32\debug.win32\cardgame.tlog\link.command.1.tlog
d:\cocosprojects\cardgame\proj.win32\debug.win32\cardgame.tlog\link.read.1.tlog
d:\cocosprojects\cardgame\proj.win32\debug.win32\cardgame.tlog\link.secondary.1.tlog
d:\cocosprojects\cardgame\proj.win32\debug.win32\cardgame.tlog\link.write.1.tlog
d:\cocosprojects\cardgame\proj.win32\debug.win32\cardgame.tlog\rc.command.1.tlog
d:\cocosprojects\cardgame\proj.win32\debug.win32\cardgame.tlog\rc.read.1.tlog
d:\cocosprojects\cardgame\proj.win32\debug.win32\cardgame.tlog\rc.write.1.tlog
