d:\cocosprojects\cardgame\cocos2d\cocos\editor-support\spine\proj.win32\debug.win32\skeletonrenderer.obj
d:\cocosprojects\cardgame\cocos2d\cocos\editor-support\spine\proj.win32\debug.win32\spine-cocos2dx.obj
d:\cocosprojects\cardgame\cocos2d\cocos\editor-support\spine\proj.win32\debug.win32\skeletonanimation.obj
d:\cocosprojects\cardgame\cocos2d\cocos\editor-support\spine\proj.win32\debug.win32\cocos2dattachmentloader.obj
d:\cocosprojects\cardgame\cocos2d\cocos\editor-support\spine\proj.win32\debug.win32\skeletontwocolorbatch.obj
d:\cocosprojects\cardgame\cocos2d\cocos\editor-support\spine\proj.win32\debug.win32\attachmentvertices.obj
d:\cocosprojects\cardgame\cocos2d\cocos\editor-support\spine\proj.win32\debug.win32\skeletonbatch.obj
d:\cocosprojects\cardgame\cocos2d\cocos\editor-support\spine\proj.win32\debug.win32\extension.obj
d:\cocosprojects\cardgame\cocos2d\cocos\editor-support\spine\proj.win32\debug.win32\ikconstraintdata.obj
d:\cocosprojects\cardgame\cocos2d\cocos\editor-support\spine\proj.win32\debug.win32\meshattachment.obj
d:\cocosprojects\cardgame\cocos2d\cocos\editor-support\spine\proj.win32\debug.win32\pathconstraint.obj
d:\cocosprojects\cardgame\cocos2d\cocos\editor-support\spine\proj.win32\debug.win32\pointattachment.obj
d:\cocosprojects\cardgame\cocos2d\cocos\editor-support\spine\proj.win32\debug.win32\skeleton.obj
d:\cocosprojects\cardgame\cocos2d\cocos\editor-support\spine\proj.win32\debug.win32\skeletonbounds.obj
d:\cocosprojects\cardgame\cocos2d\cocos\editor-support\spine\proj.win32\debug.win32\skeletonclipping.obj
d:\cocosprojects\cardgame\cocos2d\cocos\editor-support\spine\proj.win32\debug.win32\skeletonjson.obj
d:\cocosprojects\cardgame\cocos2d\cocos\editor-support\spine\proj.win32\debug.win32\slotdata.obj
d:\cocosprojects\cardgame\cocos2d\cocos\editor-support\spine\proj.win32\debug.win32\transformconstraintdata.obj
d:\cocosprojects\cardgame\cocos2d\cocos\editor-support\spine\proj.win32\debug.win32\vertexattachment.obj
d:\cocosprojects\cardgame\cocos2d\cocos\editor-support\spine\proj.win32\debug.win32\animation.obj
d:\cocosprojects\cardgame\cocos2d\cocos\editor-support\spine\proj.win32\debug.win32\animationstate.obj
d:\cocosprojects\cardgame\cocos2d\cocos\editor-support\spine\proj.win32\debug.win32\animationstatedata.obj
d:\cocosprojects\cardgame\cocos2d\cocos\editor-support\spine\proj.win32\debug.win32\array.obj
d:\cocosprojects\cardgame\cocos2d\cocos\editor-support\spine\proj.win32\debug.win32\atlas.obj
d:\cocosprojects\cardgame\cocos2d\cocos\editor-support\spine\proj.win32\debug.win32\atlasattachmentloader.obj
d:\cocosprojects\cardgame\cocos2d\cocos\editor-support\spine\proj.win32\debug.win32\attachment.obj
d:\cocosprojects\cardgame\cocos2d\cocos\editor-support\spine\proj.win32\debug.win32\attachmentloader.obj
d:\cocosprojects\cardgame\cocos2d\cocos\editor-support\spine\proj.win32\debug.win32\bone.obj
d:\cocosprojects\cardgame\cocos2d\cocos\editor-support\spine\proj.win32\debug.win32\bonedata.obj
d:\cocosprojects\cardgame\cocos2d\cocos\editor-support\spine\proj.win32\debug.win32\boundingboxattachment.obj
d:\cocosprojects\cardgame\cocos2d\cocos\editor-support\spine\proj.win32\debug.win32\clippingattachment.obj
d:\cocosprojects\cardgame\cocos2d\cocos\editor-support\spine\proj.win32\debug.win32\color.obj
d:\cocosprojects\cardgame\cocos2d\cocos\editor-support\spine\proj.win32\debug.win32\event.obj
d:\cocosprojects\cardgame\cocos2d\cocos\editor-support\spine\proj.win32\debug.win32\eventdata.obj
d:\cocosprojects\cardgame\cocos2d\cocos\editor-support\spine\proj.win32\debug.win32\ikconstraint.obj
d:\cocosprojects\cardgame\cocos2d\cocos\editor-support\spine\proj.win32\debug.win32\json.obj
d:\cocosprojects\cardgame\cocos2d\cocos\editor-support\spine\proj.win32\debug.win32\pathattachment.obj
d:\cocosprojects\cardgame\cocos2d\cocos\editor-support\spine\proj.win32\debug.win32\pathconstraintdata.obj
d:\cocosprojects\cardgame\cocos2d\cocos\editor-support\spine\proj.win32\debug.win32\regionattachment.obj
d:\cocosprojects\cardgame\cocos2d\cocos\editor-support\spine\proj.win32\debug.win32\skeletonbinary.obj
d:\cocosprojects\cardgame\cocos2d\cocos\editor-support\spine\proj.win32\debug.win32\skeletondata.obj
d:\cocosprojects\cardgame\cocos2d\cocos\editor-support\spine\proj.win32\debug.win32\skin.obj
d:\cocosprojects\cardgame\cocos2d\cocos\editor-support\spine\proj.win32\debug.win32\slot.obj
d:\cocosprojects\cardgame\cocos2d\cocos\editor-support\spine\proj.win32\debug.win32\transformconstraint.obj
d:\cocosprojects\cardgame\cocos2d\cocos\editor-support\spine\proj.win32\debug.win32\triangulator.obj
d:\cocosprojects\cardgame\cocos2d\cocos\editor-support\spine\proj.win32\debug.win32\vertexeffect.obj
d:\cocosprojects\cardgame\proj.win32\debug.win32\libspine.pdb
d:\cocosprojects\cardgame\proj.win32\debug.win32\libspine.lib
d:\cocosprojects\cardgame\cocos2d\cocos\editor-support\spine\proj.win32\debug.win32\libspine.tlog\cl.104912.write.1.tlog
d:\cocosprojects\cardgame\cocos2d\cocos\editor-support\spine\proj.win32\debug.win32\libspine.tlog\cl.command.1.tlog
d:\cocosprojects\cardgame\cocos2d\cocos\editor-support\spine\proj.win32\debug.win32\libspine.tlog\cl.items.tlog
d:\cocosprojects\cardgame\cocos2d\cocos\editor-support\spine\proj.win32\debug.win32\libspine.tlog\cl.read.1.tlog
d:\cocosprojects\cardgame\cocos2d\cocos\editor-support\spine\proj.win32\debug.win32\libspine.tlog\lib-link.read.1.tlog
d:\cocosprojects\cardgame\cocos2d\cocos\editor-support\spine\proj.win32\debug.win32\libspine.tlog\lib-link.write.1.tlog
d:\cocosprojects\cardgame\cocos2d\cocos\editor-support\spine\proj.win32\debug.win32\libspine.tlog\lib.command.1.tlog
