d:\cocosprojects\cardgame\proj.win32\debug.win32\librecast.pdb
d:\cocosprojects\cardgame\cocos2d\external\recast\proj.win32\debug.win32\fastlz.obj
d:\cocosprojects\cardgame\cocos2d\external\recast\proj.win32\debug.win32\detournavmeshbuilder.obj
d:\cocosprojects\cardgame\cocos2d\external\recast\proj.win32\debug.win32\detournode.obj
d:\cocosprojects\cardgame\cocos2d\external\recast\proj.win32\debug.win32\debugdraw.obj
d:\cocosprojects\cardgame\cocos2d\external\recast\proj.win32\debug.win32\detourdebugdraw.obj
d:\cocosprojects\cardgame\cocos2d\external\recast\proj.win32\debug.win32\detourcrowd.obj
d:\cocosprojects\cardgame\cocos2d\external\recast\proj.win32\debug.win32\detourlocalboundary.obj
d:\cocosprojects\cardgame\cocos2d\external\recast\proj.win32\debug.win32\detourobstacleavoidance.obj
d:\cocosprojects\cardgame\cocos2d\external\recast\proj.win32\debug.win32\detourpathcorridor.obj
d:\cocosprojects\cardgame\cocos2d\external\recast\proj.win32\debug.win32\detourpathqueue.obj
d:\cocosprojects\cardgame\cocos2d\external\recast\proj.win32\debug.win32\detourproximitygrid.obj
d:\cocosprojects\cardgame\cocos2d\external\recast\proj.win32\debug.win32\detourtilecache.obj
d:\cocosprojects\cardgame\cocos2d\external\recast\proj.win32\debug.win32\detourtilecachebuilder.obj
d:\cocosprojects\cardgame\cocos2d\external\recast\proj.win32\debug.win32\detouralloc.obj
d:\cocosprojects\cardgame\cocos2d\external\recast\proj.win32\debug.win32\detourcommon.obj
d:\cocosprojects\cardgame\cocos2d\external\recast\proj.win32\debug.win32\detournavmesh.obj
d:\cocosprojects\cardgame\cocos2d\external\recast\proj.win32\debug.win32\detournavmeshquery.obj
d:\cocosprojects\cardgame\proj.win32\debug.win32\librecast.lib
d:\cocosprojects\cardgame\cocos2d\external\recast\proj.win32\debug.win32\librecast.tlog\cl.command.1.tlog
d:\cocosprojects\cardgame\cocos2d\external\recast\proj.win32\debug.win32\librecast.tlog\cl.items.tlog
d:\cocosprojects\cardgame\cocos2d\external\recast\proj.win32\debug.win32\librecast.tlog\cl.read.1.tlog
d:\cocosprojects\cardgame\cocos2d\external\recast\proj.win32\debug.win32\librecast.tlog\cl.write.1.tlog
d:\cocosprojects\cardgame\cocos2d\external\recast\proj.win32\debug.win32\librecast.tlog\lib-link.read.1.tlog
d:\cocosprojects\cardgame\cocos2d\external\recast\proj.win32\debug.win32\librecast.tlog\lib-link.write.1.tlog
d:\cocosprojects\cardgame\cocos2d\external\recast\proj.win32\debug.win32\librecast.tlog\lib.command.1.tlog
